// Jest Snapshot v1, https://goo.gl/fbAQLP

exports[`Page renders a page with given title and excerpt 1`] = `
<article
  className="page"
>
  <header
    className="page__header"
    role="banner"
  >
    <div
      className="page__hgroup"
    >
      <h1
        className="page__title"
      >
        Awesome article
      </h1>
      <span
        className="page__excerpt"
      >
        This article is awesome you should read
      </span>
    </div>
  </header>
  <hr
    aria-hidden={true}
    className="page__separetar"
  />
  <p>
    This is a article
  </p>
</article>
`;
